// Jest Snapshot v1, https://goo.gl/fbAQLP

exports[`it should return the total amount and percentage by crypto 1`] = `
Array [
  Object {
    "BTC": "29.26",
  },
  Object {
    "ETH": "15.19",
  },
  Object {
    "DASH": "0.01",
  },
  Object {
    "BAT": "7.21",
  },
  Object {
    "USDC": "48.33",
  },
]
`;
